
> task-manager@1.0.0 build
> next build

Γû▓ Next.js 16.1.1 (Turbopack)

  Creating an optimized production build ...
npm : 
At line:1 char:1
+ npm run build > 
build_output.log 2>&1
+ ~~~~~~~~~~~~~~~~~~~
~~~~~~~~~~~~~~~~~~
    + CategoryInfo   
           : NotSpe  
  cified: (:String   
 ) [], RemoteExce    
ption
    + FullyQualified 
   ErrorId : Native  
  CommandError
 
> Build error 
occurred
Error: Turbopack 
build failed with 1 
errors:
./src/app/globals.css
Error evaluating 
Node.js code
Error: It looks like 
you're trying to use 
`tailwindcss` 
directly as a 
PostCSS plugin. The 
PostCSS plugin has 
moved to a separate 
package, so to 
continue using 
Tailwind CSS with 
PostCSS you'll need 
to install `@tailwind
css/postcss` and 
update your PostCSS 
configuration.
    [at lt (D:\BTECH 
projects\Task-manager
\node_modules\tailwin
dcss\dist\lib.js:38:1
643)]
    at turbopack:///[
turbopack-node]/trans
forms/postcss.ts:56:1
4 [D:\BTECH projects\
Task-manager\.next\bu
ild\chunks\[root-of-t
he-server]__6d51cb5d.
_.js:165:20]
    [at <anonymous>]
    at Module.init (t
urbopack:///[turbopac
k-node]/transforms/po
stcss.ts:43:33) 
[D:\BTECH projects\Ta
sk-manager\.next\buil
d\chunks\[root-of-the
-server]__6d51cb5d._.
js:155:35]
    at run (turbopack
:///[turbopack-node]/
ipc/evaluate.ts:77:20
) [D:\BTECH projects\
Task-manager\.next\bu
ild\chunks\[root-of-t
he-server]__44695d76.
_.js:429:26]

Import trace:
  Client Component 
Browser:
    ./src/app/globals
.css [Client 
Component Browser]
    
./src/app/layout.tsx 
[Server Component]


    at Module.init (t
urbopack:///[turbopac
k-node]/transforms/po
stcss.ts:43:33) 
[D:\BTECH projects\Ta
sk-manager\.next\buil
d\chunks\[root-of-the
-server]__6d51cb5d._.
js:155:35])
    at run (turbopack
:///[turbopack-node]/
ipc/evaluate.ts:77:20
) [D:\BTECH projects\
Task-manager\.next\bu
ild\chunks\[root-of-t
he-server]__44695d76.
_.js:429:26])
